ubuntu@kria:~$ sudo xmutil unloadapp
sudo xmutil loadapp kv260-smartcam
[sudo] password for ubuntu: 
remove from slot 0 returns: 0 (Ok)
kv260-smartcam: loaded to slot 0
ubuntu@kria:~$ 
ubuntu@kria:~$ 
ubuntu@kria:~$ 
ubuntu@kria:~$ export DISPLAY=:1
xhost +local:root
non-network local connections being added to access control list
ubuntu@kria:~$ 
ubuntu@kria:~$ 
ubuntu@kria:~$ 
ubuntu@kria:~$ docker run \
--env="DISPLAY=$DISPLAY" \
-h "xlnx-docker" \
--env="XDG_SESSION_TYPE=$XDG_SESSION_TYPE" \
--net=host \
--privileged \
--volume="$HOME/.Xauthority:/root/.Xauthority:rw" \
-v /tmp/.X11-unix:/tmp/.X11-unix:rw \
-v /dev:/dev \
-v /sys:/sys \
-v /etc/vart.conf:/etc/vart.conf \
-v /lib/firmware/xilinx:/lib/firmware/xilinx \
-v /run:/run \
-v /home/ubuntu/BS_shared:/mnt/compartido:rw \
-it xilinx/smartcam:2022.1 bash

==========================================
 
 _  __     _         ____   ___  __  __
| |/ /_ __(_) __ _  / ___| / _ \|  \/  |
| ' /|  __| |/ _  | \___ \| | | | |\/| |
| . \| |  | | (_| |  ___) | |_| | |  | |
|_|\_\_|  |_|\__ _| |____/ \___/|_|  |_|

 
==========================================

Build Date: 2022/09/26 15:21
root@xlnx-docker:/# 
root@xlnx-docker:/# 
root@xlnx-docker:/# 
root@xlnx-docker:/# 
root@xlnx-docker:/# 
root@xlnx-docker:/# chmod a+rw /dev/video0
root@xlnx-docker:/# 
root@xlnx-docker:/# 
root@xlnx-docker:/# 
root@xlnx-docker:/# 
root@xlnx-docker:/# 
root@xlnx-docker:/# ^[[200~mkdir -p  /opt/xilinx/kv260-smartcam/share/vitis_ai_library/models/yolov3_coco_416_tf2/
bash: $'\E[200~mkdir': command not found
root@xlnx-docker:/# cp /mnt/compartido/yolov3_coco_416_tf2.xmodel /mnt/compartido/yolov3_coco_416_tf2.prototxt /mnt/compartido/label.json /mnt/compartido/custom_yolov3_video /mnt/compartido/debrec.h264 /opt/xilinx/kv260-smartcam/share/vitis_ai_library/models/yolov3_coco_416_tf2/
cp: target '/opt/xilinx/kv260-smartcam/share/vitis_ai_library/models/yolov3_coco_416_tf2/' is not a directory
root@xlnx-docker:/# 
root@xlnx-docker:/# cd /opt/xilinx/kv260-smartcam/share/vitis_ai_library/models/yolov3_coco_416_tf2/
bash: cd: /opt/xilinx/kv260-smartcam/share/vitis_ai_library/models/yolov3_coco_416_tf2/: No such file or directory
root@xlnx-docker:/# mkdir yolov3_coco_416_tf2
root@xlnx-docker:/# mv yolov3_coco_416_tf2.* label.json yolov3_coco_416_tf2/~
mv: target 'yolov3_coco_416_tf2/~' is not a directory
root@xlnx-docker:/# 
root@xlnx-docker:/# 
root@xlnx-docker:/# 
root@xlnx-docker:/# 
root@xlnx-docker:/# mkdir -p  /opt/xilinx/kv260-smartcam/share/vitis_ai_library/models/yolov3_coco_416_tf2/
cp /mnt/compartido/yolov3_coco_416_tf2.xmodel /mnt/compartido/yolov3_coco_416_tf2.prototxt /mnt/compartido/label.json /mnt/compartido/custom_yolov3_video /mnt/compartido/debrec.h264 /opt/xilinx/kv260-smartcam/share/vitis_ai_library/models/yolov3_coco_416_tf2/
root@xlnx-docker:/# 
root@xlnx-docker:/# 
root@xlnx-docker:/# 
root@xlnx-docker:/# 
root@xlnx-docker:/# cd /opt/xilinx/kv260-smartcam/share/vitis_ai_library/models/yolov3_coco_416_tf2/
mkdir yolov3_coco_416_tf2
mv yolov3_coco_416_tf2.* label.json yolov3_coco_416_tf2/
root@xlnx-docker:/opt/xilinx/kv260-smartcam/share/vitis_ai_library/models/yolov3
_coco_416_tf2# 
root@xlnx-docker:/opt/xilinx/kv260-smartcam/share/vitis_ai_library/models/yolov3
_coco_416_tf2# 
root@xlnx-docker:/opt/xilinx/kv260-smartcam/share/vitis_ai_library/models/yolov3
_coco_416_tf2# 
root@xlnx-docker:/opt/xilinx/kv260-smartcam/share/vitis_ai_library/models/yolov3
_coco_416_tf2# 
root@xlnx-docker:/opt/xilinx/kv260-smartcam/share/vitis_ai_library/models/yolov3
_coco_416_tf2# 
root@xlnx-docker:/opt/xilinx/kv260-smartcam/share/vitis_ai_library/models/yolov3
_coco_416_tf2# ./custom_yolov3_video ./yolov3_coco_416_tf2 /dev/video0 640 480
bash: ./custom_yolov3_video: Permission denied
root@xlnx-docker:/opt/xilinx/kv260-smartcam/share/vitis_ai_library/models/yolov3
_coco_416_tf2# 



